16:19:51 **** Incremental Build of configuration Debug for project GpioTest ****
make all 
'Building file: ../src/main.c'
'Invoking: ARM v7 Linux gcc compiler'
arm-linux-gnueabihf-gcc -Wall -O0 -g3 -c -fmessage-length=0 -MT"src/main.o" -MMD -MP -MF"src/main.d" -MT"src/main.o" -o "src/main.o" "../src/main.c"
../src/main.c: In function 'run_leds_mode':
../src/main.c:74:55: warning: format '%x' expects argument of type 'unsigned int', but argument 2 has type 'volatile uint32_t *' {aka 'volatile unsigned int *'} [-Wformat=]
   74 |   printf("Enter a value to set the IO LEDs to: led = %x\r\n HAS TO BE STRICT INT, O/w THE PROGRAM CRASHES!!!\n", ZynqGPIO->register_ptr);
      |                                                      ~^                                                          ~~~~~~~~~~~~~~~~~~~~~~
      |                                                       |                                                                  |
      |                                                       unsigned int                                                       volatile uint32_t * {aka volatile unsigned int *}
      |                                                      %ls
At top level:
../src/main.c:39:27: warning: 'leds' defined but not used [-Wunused-variable]
   39 | static volatile uint32_t *leds;
      |                           ^~~~
'Finished building: ../src/main.c'
' '
'Building target: GpioTest.elf'
'Invoking: ARM v7 Linux gcc linker'
arm-linux-gnueabihf-gcc  -o "GpioTest.elf"  ./src/game.o ./src/i2cLinux.o ./src/imu.o ./src/main.o ./src/registerLinux.o   -lm
'Finished building target: GpioTest.elf'
' '
'Invoking: ARM v7 Linux Print Size'
arm-linux-gnueabihf-size GpioTest.elf  |tee "GpioTest.elf.size"
   text	   data	    bss	    dec	    hex	filename
   7423	    412	    108	   7943	   1f07	GpioTest.elf
'Finished building: GpioTest.elf.size'
' '

16:19:52 Build Finished (took 681ms)

